CONTAINER ID   NAME                                                                                                                         CPU %     MEM USAGE / LIMIT     MEM %     NET I/O   BLOCK I/O   PIDS
cb0cd888b7d7   k8s_traffic-manager_traffic-manager-74998555bb-p8f6k_ambassador_93e8ad8f-9f07-44e9-b529-3540a5858ab9_255                     0.00%     44.23MiB / 7.674GiB   0.56%     0B / 0B   0B / 0B     12
725933faedb1   k8s_ambassador-agent_traffic-manager-ambassador-agent-5cfc68b7cf-rzlvp_ambassador_d60cb2e3-f0a8-44c2-871d-0ae819ef5ac2_256   0.00%     44.98MiB / 7.674GiB   0.57%     0B / 0B   0B / 0B     14
