NAMES         CREATED             STATUS             NETWORKS
dldash.home   About an hour ago   Up About an hour   bridge
redis         About an hour ago   Up About an hour   bridge
