IMAGE          CREATED       CREATED BY                                      SIZE      COMMENT
6b362a9f73eb   8 years ago   /bin/sh -c #(nop) ENV PATH=/usr/local/bin:/u…   0B        
<missing>      8 years ago   /bin/sh -c sh install.sh                        30.4kB    
<missing>      8 years ago   /bin/sh -c git reset --hard origin/master       43.3kB    
<missing>      8 years ago   /bin/sh -c #(nop) WORKDIR /cowsay               0B        
<missing>      8 years ago   /bin/sh -c git clone https://github.com/moxi…   89.9kB    
<missing>      8 years ago   /bin/sh -c apt-get -y update && apt-get inst…   58.6MB    
<missing>      8 years ago   /bin/sh -c #(nop) CMD ["/bin/bash"]             0B        
<missing>      8 years ago   /bin/sh -c sed -i 's/^#\s*\(deb.*universe\)$…   1.9kB     
<missing>      8 years ago   /bin/sh -c echo '#!/bin/sh' > /usr/sbin/poli…   195kB     
<missing>      8 years ago   /bin/sh -c #(nop) ADD file:f4d7b4b3402b5c53f…   188MB     
