REPOSITORY               TAG       IMAGE ID       CREATED        SIZE
dldash/home              latest    b310e6b0fb4d   15 hours ago   23.5MB
redis                    latest    bba24acba395   11 days ago    113MB
golangci/golangci-lint   latest    94f49b27b197   2 weeks ago    987MB
