NAMES         MOUNTS            NAMES         PORTS                  CREATED
dldash.home                     dldash.home   0.0.0.0:3000->80/tcp   2 hours ago
redis         c06a7bd7d2af50â€¦   redis         6379/tcp               2 hours ago
