NAME          NULL
dldash.home   About an hour ago
redis         About an hour ago
