[1;34mNAMES[0m         [1;34mCREATED[0m             [1;34mSTATUS[0m             [1;34mNETWORKS[0m   
[1;37mdldash.home[0m   [0;32mAbout an hour ago[0m   [1;32mUp About an hour[0m   bridge     
[1;37mredis[0m         [0;32mAbout an hour ago[0m   [1;32mUp About an hour[0m   bridge     
