[1;34mIMAGE[0m          [1;34mCREATED[0m       [1;34mCREATED BY[0m                                      [1;34mSIZE[0m     [1;34mCOMMENT[0m   
[1;33m6b362a9f73eb[0m   [0;31m8 years ago[0m   [1;32m/bin/sh -c #(nop) ENV PATH=/usr/local/bin:/uâ€¦[0m   0B       [1;30m[0m          
[0;31m<missing>[0m      [0;31m8 years ago[0m   [1;32m/bin/sh -c sh install.sh[0m                        30.4kB   [1;30m[0m          
[0;31m<missing>[0m      [0;31m8 years ago[0m   [1;32m/bin/sh -c git reset --hard origin/master[0m       43.3kB   [1;30m[0m          
[0;31m<missing>[0m      [0;31m8 years ago[0m   [1;32m/bin/sh -c #(nop) WORKDIR /cowsay[0m               0B       [1;30m[0m          
[0;31m<missing>[0m      [0;31m8 years ago[0m   [1;32m/bin/sh -c git clone https://github.com/moxiâ€¦[0m   89.9kB   [1;30m[0m          
[0;31m<missing>[0m      [0;31m8 years ago[0m   [1;32m/bin/sh -c apt-get -y update && apt-get instâ€¦[0m   58.6MB   [1;30m[0m          
[0;31m<missing>[0m      [0;31m8 years ago[0m   [1;32m/bin/sh -c #(nop) CMD ["/bin/bash"][0m             0B       [1;30m[0m          
[0;31m<missing>[0m      [0;31m8 years ago[0m   [1;32m/bin/sh -c sed -i 's/^#\s*\(deb.*universe\)$â€¦[0m   1.9kB    [1;30m[0m          
[0;31m<missing>[0m      [0;31m8 years ago[0m   [1;32m/bin/sh -c echo '#!/bin/sh' > /usr/sbin/poliâ€¦[0m   195kB    [1;30m[0m          
[0;31m<missing>[0m      [0;31m8 years ago[0m   [1;32m/bin/sh -c #(nop) ADD file:f4d7b4b3402b5c53fâ€¦[0m   188MB    [1;30m[0m          
