[1;34mCONTAINER ID[0m   [1;34mIMAGE[0m         [1;34mCOMMAND[0m                  [1;34mCREATED[0m          [1;34mSTATUS[0m                      [1;34mPORTS[0m      [1;34mNAMES[0m         
[1;30mfe47cddd7ede[0m   [1;33mdldash/home[0m   [1;30m"/docker-entrypoint.â€¦"[0m   [0;32m42 seconds ago[0m   [0;31mExited (0) 40 seconds ago[0m              [1;37mdldash.home[0m   
[1;30m10f3c0ac6560[0m   [1;33mredis[0m         [1;30m"docker-entrypoint.sâ€¦"[0m   [0;32m3 hours ago[0m      [1;32mUp 3 hours[0m                  6379/tcp   [1;37mredis[0m         
